14:43:06 **** Incremental Build of configuration Debug for project basics ****
make -j16 all 
arm-none-eabi-gcc "../Core/Src/main.c" -mcpu=cortex-m4 -std=gnu11 -g3 -DDEBUG -DUSE_HAL_DRIVER -DSTM32F446xx -c -I../Core/Inc -I../Drivers/STM32F4xx_HAL_Driver/Inc -I../Drivers/STM32F4xx_HAL_Driver/Inc/Legacy -I../Drivers/CMSIS/Device/ST/STM32F4xx/Include -I../Drivers/CMSIS/Include -O0 -ffunction-sections -fdata-sections -Wall -fstack-usage -fcyclomatic-complexity -MMD -MP -MF"Core/Src/main.d" -MT"Core/Src/main.o" --specs=nano.specs -mfpu=fpv4-sp-d16 -mfloat-abi=hard -mthumb -o "Core/Src/main.o"
arm-none-eabi-gcc -o "basics.elf" @"objects.list"   -mcpu=cortex-m4 -T"D:\Neeraj_STM32_Projects\basics\STM32F446RETX_FLASH.ld" --specs=nosys.specs -Wl,-Map="basics.map" -Wl,--gc-sections -static --specs=nano.specs -mfpu=fpv4-sp-d16 -mfloat-abi=hard -mthumb -Wl,--start-group -lc -lm -Wl,--end-group
Finished building target: basics.elf
 
arm-none-eabi-size  basics.elf 
arm-none-eabi-objdump -h -S basics.elf  > "basics.list"
   text	   data	    bss	    dec	    hex	filename
   6872	     12	   1572	   8456	   2108	basics.elf
Finished building: default.size.stdout
 
Finished building: basics.list
 
14:43:10 **** Incremental Build of configuration Debug for project basics ****
make -j16 all 
arm-none-eabi-size  basics.elf 
   text	   data	    bss	    dec	    hex	filename
   6872	     12	   1572	   8456	   2108	basics.elf
Finished building: default.size.stdout
 
