22:36:58 **** Incremental Build of configuration Debug for project Advanced debugging ****
make -j16 all 
arm-none-eabi-gcc "../Core/Src/main.c" -mcpu=cortex-m4 -std=gnu11 -g3 -DDEBUG -DUSE_HAL_DRIVER -DSTM32F446xx -c -I../Core/Inc -I../Drivers/STM32F4xx_HAL_Driver/Inc -I../Drivers/STM32F4xx_HAL_Driver/Inc/Legacy -I../Drivers/CMSIS/Device/ST/STM32F4xx/Include -I../Drivers/CMSIS/Include -O0 -ffunction-sections -fdata-sections -Wall -fstack-usage -fcyclomatic-complexity -MMD -MP -MF"Core/Src/main.d" -MT"Core/Src/main.o" --specs=nano.specs -mfpu=fpv4-sp-d16 -mfloat-abi=hard -mthumb -o "Core/Src/main.o"
arm-none-eabi-gcc -o "Advanced debugging.elf" @"objects.list"   -mcpu=cortex-m4 -T"D:\Neeraj_STM32_Projects\Advanced debugging\STM32F446RETX_FLASH.ld" --specs=nosys.specs -Wl,-Map="Advanced debugging.map" -Wl,--gc-sections -static --specs=nano.specs -mfpu=fpv4-sp-d16 -mfloat-abi=hard -mthumb -Wl,--start-group -lc -lm -Wl,--end-group
Finished building target: Advanced debugging.elf
 
arm-none-eabi-size  Advanced\ debugging.elf 
arm-none-eabi-objdump -h -S Advanced\ debugging.elf  > "Advanced debugging.list"
   text	   data	    bss	    dec	    hex	filename
  12820	    104	   1984	  14908	   3a3c	Advanced debugging.elf
Finished building: default.size.stdout
 
Finished building: Advanced debugging.list
 
